  WARNING: the tickets clone has changes nobody else can see yet:
    M QUEUE.md
     M QUEUE_ORDER.md
    ?? T-2000-2249/T-2198-glessner-repair-source-identity-captions-and-evidence-famili.md
    ?? T-2000-2249/T-2199-recover-unavailable-glessner-references-and-resolve-missing.md
    ?? T-2000-2249/T-2200-glessner-establish-a-dated-camera-matched-exterior-acceptanc.md
    ?? T-2000-2249/T-2201-glessner-close-the-south-courtyard-boundary-and-resolve-its.md
    ?? T-2000-2249/T-2202-glessner-restore-prairie-frontage-curbs-thresholds-and-groun.md
    ?? T-2000-2249/T-2203-correct-glessner-roof-tile-scale-and-coverage-on-every-roof.md
    ?? T-2000-2249/T-2204-remove-glessner-roof-banding-and-stabilize-tile-detail-in-mo.md
    ?? T-2000-2249/T-2205-glessner-refine-ridge-caps-cresting-finials-eaves-and-flashi.md
    ?? T-2000-2249/T-2206-glessner-validate-roof-dormer-and-courtyard-bay-proportions.md
    ?? T-2000-2249/T-2207-glessner-finish-stable-cupola-and-north-loft-fittings.md
    ?? T-2000-2249/T-2208-refine-glessner-street-masonry-courses-relief-and-opening-re.md
    ?? T-2000-2249/T-2209-calibrate-glessner-granite-texture-roughness-and-shadow-read.md
    ?? T-2000-2249/T-2210-glessner-calibrate-courtyard-brick-and-limestone-as-distinct.md
    ?? T-2000-2249/T-2211-finish-glessner-street-and-stable-window-profiles-and-stone.md
    ?? T-2000-2249/T-2212-finish-glessner-courtyard-bow-turret-and-dormer-window-profi.md
    ?? T-2000-2249/T-2213-glessner-give-dark-glazing-believable-exterior-visible-depth.md
    ?? T-2000-2249/T-2214-correct-the-mirrored-glessner-1886-inscription-and-monogram.md
    ?? T-2000-2249/T-2215-finish-glessner-entry-tympanum-ornamental-band-and-varied-ca.md
    ?? T-2000-2249/T-2216-glessner-complete-the-main-entry-oak-door-and-iron-grille.md
    ?? T-2000-2249/T-2217-glessner-finish-both-porte-cochere-leaves-hardware-and-passa.md
    ?? T-2000-2249/T-2218-glessner-reconstruct-the-curved-courtyard-hall-steps-and-che.md
    ?? T-2000-2249/T-2219-glessner-audit-basement-grilles-light-wells-and-service-open.md
    ?? T-2000-2249/T-2220-glessner-refine-copper-roof-panels-seams-and-weathering.md
    ?? T-2000-2249/T-2221-glessner-complete-gutters-rainwater-heads-downpipes-and-atta.md
    ?? T-2000-2249/T-2222-glessner-resolve-chimney-phase-and-finish-stack-cap-detail.md
    ?? T-2000-2249/T-2223-glessner-date-and-finish-courtyard-service-stairs-rails-and.md
    ?? T-2000-2249/T-2224-glessner-finish-courtyard-paths-edging-lawn-and-drainage.md
    ?? T-2000-2249/T-2225-glessner-add-restrained-dated-courtyard-vines-and-exterior-p.md
    ?? T-2000-2249/T-2226-glessner-balance-lighting-contact-shadows-and-restrained-sur.md
    ?? T-2000-2249/T-2227-glessner-validate-full-light-browser-quality-and-controlled.md
    ?? T-2000-2249/T-2228-glessner-run-final-photographic-comparison-and-evidence-sign.md
    ?? evidence/glessner-exterior-audit-2026-10-08/README.md
    ?? evidence/glessner-exterior-audit-2026-10-08/coverage-ledger.csv
    ?? evidence/glessner-exterior-audit-2026-10-08/coverage-ledger.json
    ?? evidence/glessner-exterior-audit-2026-10-08/details/browser-validation.json
    ?? evidence/glessner-exterior-audit-2026-10-08/details/desktop-hall-steps.png
    ?? evidence/glessner-exterior-audit-2026-10-08/details/desktop-north-gable.png
    ?? evidence/glessner-exterior-audit-2026-10-08/details/desktop-stable-gable.png
    ?? evidence/glessner-exterior-audit-2026-10-08/details/desktop-west-dormer.png
    ?? evidence/glessner-exterior-audit-2026-10-08/filed-ticket-map.json
    ?? evidence/glessner-exterior-audit-2026-10-08/glessner-exterior-audit.pdf
    ?? evidence/glessner-exterior-audit-2026-10-08/model/browser-validation.json
    ?? evidence/glessner-exterior-audit-2026-10-08/model/desktop-court-east.png
    ?? evidence/glessner-exterior-audit-2026-10-08/model/desktop-court-west.png
    ?? evidence/glessner-exterior-audit-2026-10-08/model/desktop-courtyard.png
    ?? evidence/glessner-exterior-audit-2026-10-08/model/desktop-entry.png
    ?? evidence/glessner-exterior-audit-2026-10-08/model/desktop-north.png
    ?? evidence/glessner-exterior-audit-2026-10-08/model/desktop-northeast.png
    ?? evidence/glessner-exterior-audit-2026-10-08/model/desktop-northwest.png
    ?? evidence/glessner-exterior-audit-2026-10-08/model/desktop-porte.png
    ?? evidence/glessner-exterior-audit-2026-10-08/model/desktop-prairie.png
    ?? evidence/glessner-exterior-audit-2026-10-08/model/desktop-roof.png
    ?? evidence/glessner-exterior-audit-2026-10-08/model/desktop-southwest.png
    ?? evidence/glessner-exterior-audit-2026-10-08/model/desktop-west.png
    ?? evidence/glessner-exterior-audit-2026-10-08/proposed-tickets.csv
    ?? evidence/glessner-exterior-audit-2026-10-08/proposed-tickets.json
    ?? evidence/glessner-exterior-audit-2026-10-08/report-validation.json
  push them: node tools/ticket.mjs sync -m "what changed"
ticket queue FAILED:
  - T-1767-arrive-in-the-selected-year-with-matching-welcom.md: epic "ARRIVAL" is not one of RENDERING/TOWN/GROUND/FLORA/PIPELINE/META/PAPERS/SOUTH_TIME
  - T-1791-build-mark-beaubien-first-historical-portable-human.md: effort L is in the queue — MORE THAN ONE RUN — must be split before it can be claimed. Run `node tools/ticket.mjs split T-1791 "first piece" "second piece"`; the children keep its place in the order.
  - T-1830-rebuild-the-glessner-west-wing-roof-and-recessed.md: epic "PRAIRIE1904" is not one of RENDERING/TOWN/GROUND/FLORA/PIPELINE/META/PAPERS/SOUTH_TIME
  - T-1833-correct-glessner-west-wing-rear-ridge-south-gabl.md: epic "PRAIRIE1904" is not one of RENDERING/TOWN/GROUND/FLORA/PIPELINE/META/PAPERS/SOUTH_TIME
  - T-2171-1812-remove-the-unsupported-lake-facing-notch-at.md: epic "TERRAIN" is not one of RENDERING/TOWN/GROUND/FLORA/PIPELINE/META/PAPERS/SOUTH_TIME
  - open ticket T-0475 is missing from QUEUE.md — append it, do not reorder
  - open ticket T-0476 is missing from QUEUE.md — append it, do not reorder
  - open ticket T-0477 is missing from QUEUE.md — append it, do not reorder
  - open ticket T-1171 is missing from QUEUE.md — append it, do not reorder
