moving-frames	Walk, turn, fly and ride; hold the flora frame to its ceilings	﻿2026-10-09T21:40:58.6669130Z ##[group]Run node tools/measure_walk_frames.mjs --only desktop --verify --gate
moving-frames	Walk, turn, fly and ride; hold the flora frame to its ceilings	2026-10-09T21:40:58.6669733Z [36;1mnode tools/measure_walk_frames.mjs --only desktop --verify --gate[0m
moving-frames	Walk, turn, fly and ride; hold the flora frame to its ceilings	2026-10-09T21:40:58.6732733Z shell: /usr/bin/bash -e {0}
moving-frames	Walk, turn, fly and ride; hold the flora frame to its ceilings	2026-10-09T21:40:58.6733006Z ##[endgroup]
moving-frames	Walk, turn, fly and ride; hold the flora frame to its ceilings	2026-10-09T21:40:59.0594041Z serving /home/runner/work/chicago/chicago/site/4d — PUBLISHED mirror, year 1835
moving-frames	Walk, turn, fly and ride; hold the flora frame to its ceilings	2026-10-09T21:42:07.7323773Z 
moving-frames	Walk, turn, fly and ride; hold the flora frame to its ceilings	2026-10-09T21:42:07.7325179Z desktop 1280x800 — ready in 68 s
moving-frames	Walk, turn, fly and ride; hold the flora frame to its ceilings	2026-10-09T21:42:07.7328129Z tier      move    frames rebuilds | scripted ms med/p95/max  >16 >33 >50 | flora p95/max | trees p95/max | other hooks max
moving-frames	Walk, turn, fly and ride; hold the flora frame to its ceilings	2026-10-09T21:42:12.2309083Z full      walk      2234       98 |   0.3   3.7  44.7   2   2   0 |   3.2  44.4 |   0.1   1.4 | - | spread 17 passes, 6.6 frames each, 2 finished early, 0 dropped
moving-frames	Walk, turn, fly and ride; hold the flora frame to its ceilings	2026-10-09T21:42:12.2311130Z   verify near: the spread pass IS the one-frame pass (64f24609 / 64f24609)
moving-frames	Walk, turn, fly and ride; hold the flora frame to its ceilings	2026-10-09T21:42:12.2312339Z   verify far: the spread pass IS the one-frame pass (2037c074 / 2037c074)
moving-frames	Walk, turn, fly and ride; hold the flora frame to its ceilings	2026-10-09T21:42:21.2566507Z full      turn       480       42 |   7.8  12.5  64.1   3   1   1 |  12.2  63.2 |   0.3   0.6 | - | spread 93 passes, 4.4 frames each, 50 finished early, 0 dropped
moving-frames	Walk, turn, fly and ride; hold the flora frame to its ceilings	2026-10-09T21:42:21.2568215Z   verify far: the spread pass IS the one-frame pass (b8b09849 / b8b09849)
moving-frames	Walk, turn, fly and ride; hold the flora frame to its ceilings	2026-10-09T21:42:21.2573299Z   FAIL flora's worst moving frame 63.2 ms > full's ceiling 60 ms
moving-frames	Walk, turn, fly and ride; hold the flora frame to its ceilings	2026-10-09T21:42:31.3948267Z full      flight     360      146 |   1.6   5.7   8.2   0   0   0 |   5.4   7.9 |   0.1   0.2 | - | spread 25 passes, 3.3 frames each, 12 finished early, 0 dropped
moving-frames	Walk, turn, fly and ride; hold the flora frame to its ceilings	2026-10-09T21:42:31.3949111Z   verify far: the spread pass IS the one-frame pass (5c36657e / 5c36657e)
moving-frames	Walk, turn, fly and ride; hold the flora frame to its ceilings	2026-10-09T21:42:45.1049242Z full      travel    1127      221 |   0.5   5.6  48.8   2   1   0 |   5.1  48.3 |   0.3   0.8 | - | spread 42 passes, 8.2 frames each, 5 finished early, 0 dropped
moving-frames	Walk, turn, fly and ride; hold the flora frame to its ceilings	2026-10-09T21:43:22.1183350Z balanced  walk      2234       95 |   0.3   1.6  24.6   1   0   0 |   1.2  23.9 |   0.0   0.9 | - | spread 13 passes, 4.9 frames each, 1 finished early, 0 dropped
moving-frames	Walk, turn, fly and ride; hold the flora frame to its ceilings	2026-10-09T21:43:22.1184231Z   verify far: the spread pass IS the one-frame pass (71fb0cf7 / 71fb0cf7)
moving-frames	Walk, turn, fly and ride; hold the flora frame to its ceilings	2026-10-09T21:43:29.0317997Z balanced  turn       480       33 |   4.8   7.7  11.2   0   0   0 |   7.3  11.0 |   0.3   0.4 | - | spread 65 passes, 5.4 frames each, 49 finished early, 0 dropped
moving-frames	Walk, turn, fly and ride; hold the flora frame to its ceilings	2026-10-09T21:43:29.0319516Z   verify far: the spread pass IS the one-frame pass (aaed9e29 / aaed9e29)
moving-frames	Walk, turn, fly and ride; hold the flora frame to its ceilings	2026-10-09T21:43:37.4757668Z balanced  flight     360      146 |   0.4   4.3   5.7   0   0   0 |   4.0   5.5 |   0.1   0.2 | - | spread 24 passes, 2.1 frames each, 0 finished early, 0 dropped
moving-frames	Walk, turn, fly and ride; hold the flora frame to its ceilings	2026-10-09T21:43:37.4759295Z   verify far: the spread pass IS the one-frame pass (9404b80 / 9404b80)
moving-frames	Walk, turn, fly and ride; hold the flora frame to its ceilings	2026-10-09T21:43:47.4306971Z balanced  travel    1127      221 |   0.3   4.5  22.9   1   0   0 |   4.2  22.4 |   0.3   0.5 | - | spread 37 passes, 4.7 frames each, 2 finished early, 0 dropped
moving-frames	Walk, turn, fly and ride; hold the flora frame to its ceilings	2026-10-09T21:44:13.9297881Z light     walk      2234       95 |   0.2   1.0  10.7   0   0   0 |   0.7  10.1 |   0.0   0.4 | - | spread 13 passes, 3.2 frames each, 1 finished early, 0 dropped
moving-frames	Walk, turn, fly and ride; hold the flora frame to its ceilings	2026-10-09T21:44:13.9299338Z   verify far: the spread pass IS the one-frame pass (882b6ffd / 882b6ffd)
moving-frames	Walk, turn, fly and ride; hold the flora frame to its ceilings	2026-10-09T21:44:18.7774433Z light     turn       480       31 |   2.9   5.3   7.0   0   0   0 |   4.9   6.7 |   0.3   0.4 | terrain.updateGroundReach 1.0 | spread 57 passes, 4.9 frames each, 24 finished early, 0 dropped
moving-frames	Walk, turn, fly and ride; hold the flora frame to its ceilings	2026-10-09T21:44:18.7776206Z   verify far: the spread pass IS the one-frame pass (ef3f4a4e / ef3f4a4e)
moving-frames	Walk, turn, fly and ride; hold the flora frame to its ceilings	2026-10-09T21:44:24.4066440Z light     flight     360      144 |   0.3   3.9   5.0   0   0   0 |   3.7   4.7 |   0.1   0.2 | - | spread 3 passes, 1.7 frames each, 0 finished early, 0 dropped
moving-frames	Walk, turn, fly and ride; hold the flora frame to its ceilings	2026-10-09T21:44:30.7853983Z light     travel    1127      221 |   0.3   4.3  13.9   0   0   0 |   4.0  13.3 |   0.3   0.7 | - | spread 35 passes, 2.8 frames each, 7 finished early, 0 dropped
moving-frames	Walk, turn, fly and ride; hold the flora frame to its ceilings	2026-10-09T21:44:30.9008757Z 
moving-frames	Walk, turn, fly and ride; hold the flora frame to its ceilings	2026-10-09T21:44:30.9010250Z FAIL — 1 reading(s) over the moving-frame ceiling
moving-frames	Walk, turn, fly and ride; hold the flora frame to its ceilings	2026-10-09T21:44:30.9103198Z ##[error]Process completed with exit code 1.
