PASS desktop a18-eoc-10382
PASS desktop st-cl1973-p24-sidewalk-view-9974
PASS desktop a18-eoc-10389
PASS desktop a18-city1973-landmarks-report
PASS desktop a18-cgy-inter-ocean-1887-palace-avenue
PASS desktop a18-cgy-1804-tribune-1885-sale
PASS desktop a18-rba-glessner-prelim-elevation-slide holder image displayed
PASS desktop a18-rba-glessner-prelim-elevation-slide
PASS desktop a18-cornell-adw-glessner holder image displayed
PASS desktop a18-cornell-adw-glessner
PASS desktop a18-rba-barford-glessner-courtyard
PASS desktop a18-rba-barford-glessner-exterior
PASS desktop a18-rba-barford-glessner-side-door
PASS desktop a18-rba-barford-glessner-window-detail
PASS desktop a18-aic-nickel-glessner-print
PASS desktop dw-nrhp-1972-district-p24-ownership-lot-map
PASS desktop st-nrhp-1972-p40-18th-street-arterial-sketch
PASS desktop st-nrhp-1972-photo3-aerial-ne-from-20th-indiana
PASS desktop st-nrhp-1972-photo4-prairie-south-from-18th
PASS desktop a18-iit-glessner-prairie-facade-1945 holder image displayed
PASS desktop a18-iit-glessner-prairie-facade-1945
PASS desktop 172 cards; 18 reviewed details; report and 7 priorities; zero page errors and overflow
PASS mobile a18-eoc-10382
PASS mobile st-cl1973-p24-sidewalk-view-9974
PASS mobile a18-eoc-10389
PASS mobile a18-city1973-landmarks-report
PASS mobile a18-cgy-inter-ocean-1887-palace-avenue
PASS mobile a18-cgy-1804-tribune-1885-sale
PASS mobile a18-rba-glessner-prelim-elevation-slide holder image displayed
PASS mobile a18-rba-glessner-prelim-elevation-slide
PASS mobile a18-cornell-adw-glessner holder image displayed
PASS mobile a18-cornell-adw-glessner
PASS mobile a18-rba-barford-glessner-courtyard
PASS mobile a18-rba-barford-glessner-exterior
PASS mobile a18-rba-barford-glessner-side-door
PASS mobile a18-rba-barford-glessner-window-detail
PASS mobile a18-aic-nickel-glessner-print
PASS mobile dw-nrhp-1972-district-p24-ownership-lot-map
PASS mobile st-nrhp-1972-p40-18th-street-arterial-sketch
PASS mobile st-nrhp-1972-photo3-aerial-ne-from-20th-indiana
PASS mobile st-nrhp-1972-photo4-prairie-south-from-18th
PASS mobile a18-iit-glessner-prairie-facade-1945 holder image displayed
PASS mobile a18-iit-glessner-prairie-facade-1945
PASS mobile 172 cards; 18 reviewed details; report and 7 priorities; zero page errors and overflow
