PASS desktop a18-eoc-10382
PASS desktop st-cl1973-p24-sidewalk-view-9974
PASS desktop a18-eoc-10389
PASS desktop a18-city1973-landmarks-report
PASS desktop a18-cgy-inter-ocean-1887-palace-avenue
PASS desktop a18-cgy-1804-tribune-1885-sale
PASS desktop a18-rba-glessner-prelim-elevation-slide holder image displayed
PASS desktop a18-rba-glessner-prelim-elevation-slide
PASS desktop a18-cornell-adw-glessner holder image displayed
PASS desktop a18-cornell-adw-glessner
PASS desktop a18-rba-barford-glessner-courtyard
PASS desktop a18-rba-barford-glessner-exterior
PASS desktop a18-rba-barford-glessner-side-door
PASS desktop a18-rba-barford-glessner-window-detail
PASS desktop a18-aic-nickel-glessner-print
PASS desktop dw-nrhp-1972-district-p24-ownership-lot-map
PASS desktop st-nrhp-1972-p40-18th-street-arterial-sketch
PASS desktop st-nrhp-1972-photo3-aerial-ne-from-20th-indiana
PASS desktop st-nrhp-1972-photo4-prairie-south-from-18th
page.waitForFunction: Timeout 30000ms exceeded.
    at /workspace/t2199-proof/live-browser.cjs:15:11 {
  log: [],
  name: 'TimeoutError'
}
