serving /workspace/chicago/site/4d on 4187 — PUBLISHED mirror (compressed assets, visitor layout)

NOT THE FULL GATE — viewports filtered to "mobile"

NOT THE FULL GATE — stages filtered to "12" of 14

mobile 390x780:
node:internal/modules/run_main:107
    triggerUncaughtException(
    ^

browserType.launch: Executable doesn't exist at /home/agent/.cache/ms-playwright/chromium_headless_shell-1234/chrome-headless-shell-linux64/chrome-headless-shell
╔════════════════════════════════════════════════════════════╗
║ Looks like Playwright was just installed or updated.       ║
║ Please run the following command to download new browsers: ║
║                                                            ║
║     npx playwright install                                 ║
║                                                            ║
║ <3 Playwright Team                                         ║
╚════════════════════════════════════════════════════════════╝
    at launchBrowser (/workspace/chicago/chicago/4d/tools/smoke_renderer.mjs:1218:38)
    at /workspace/chicago/chicago/4d/tools/smoke_renderer.mjs:1350:25 {
  log: [],
  name: 'Error'
}

Node.js v24.19.0
