PASS desktop a18-gh-florian-1948-ne-exterior
PASS desktop a18-gh-florian-1948-court-to-stable
PASS desktop a18-gh-florian-1948-porte-cochere-doors
PASS desktop a18-gh-florian-1948-roof-turret
PASS desktop a18-rba-lowe-glessner-stable-18th-c1900
PASS desktop a18-rba-mf-glessner-f69
PASS desktop a18-rba-taylor-2135-glessner-ne
PASS desktop a18-eoc-10382
PASS desktop a18-gh-florian-1948-northeast-overall
desktop zero page errors
PASS mobile a18-gh-florian-1948-ne-exterior
PASS mobile a18-gh-florian-1948-court-to-stable
PASS mobile a18-gh-florian-1948-porte-cochere-doors
PASS mobile a18-gh-florian-1948-roof-turret
PASS mobile a18-rba-lowe-glessner-stable-18th-c1900
PASS mobile a18-rba-mf-glessner-f69
PASS mobile a18-rba-taylor-2135-glessner-ne
PASS mobile a18-eoc-10382
PASS mobile a18-gh-florian-1948-northeast-overall
mobile zero page errors
