serving /workspace/chicago/site/4d on 4189 — PUBLISHED mirror (compressed assets, visitor layout)

NOT THE FULL GATE — viewports filtered to "desktop"

NOT THE FULL GATE — stages filtered to "12" of 14

desktop 1280x800:
  pass  desktop 1280x800: page serves
  pass  desktop 1280x800: scene reaches ready
  pass  desktop 1280x800: the scene declares its exact consultation blockers
  pass  desktop 1280x800: no unexpected loader problems
  pass  desktop 1280x800: scene has structures
  pass  desktop 1280x800: every structure that should draw, drew
  pass  desktop 1280x800: the liberties wait for their first reader, not for boot (T-2058)
  pass  desktop 1280x800: eye height starts at the researched period figure
  pass  desktop 1280x800: the eye height readout is a stature, not rounded to whole feet
  pass  desktop 1280x800: moving the eye height slider moves the eye immediately
  pass  desktop 1280x800: eye height does not yank the camera down mid-flight
  pass  desktop 1280x800: the eye height range covers short to tall without absurdity
  pass  desktop 1280x800: typing in the search box does not walk the camera
  pass  desktop 1280x800: typing an 'f' does not take off
  pass  desktop 1280x800: the rail lists the eight sections in order, Go to first
  pass  desktop 1280x800: eight rail items fit the panel unsqueezed — one column on desktop, one row on a phone
  pass  desktop 1280x800: Settings no longer carries a second list of viewpoints
  pass  desktop 1280x800: G opens the Go to tab
  pass  desktop 1280x800: jump menu lists every structure that stood here, and every roof once asked
  pass  desktop 1280x800: jump menu includes every verified intersection
  pass  desktop 1280x800: jump menu includes every viewpoint the scene names
  pass  desktop 1280x800: every structure result carries its record's presence grade as its chip and its position grade as data
  pass  desktop 1280x800: a viewpoint and a survey junction are not graded like a building
  pass  desktop 1280x800: the three grades are told apart by colour, not only by their words
  pass  desktop 1280x800: the tab counts its own list rather than quoting a written total
  pass  desktop 1280x800: jump search finds an intersection by both street names
  pass  desktop 1280x800: an intersection result moves the visitor there
  pass  desktop 1280x800: opening the drawer tucks an open card aside without closing it
  pass  desktop 1280x800: closing the drawer brings the tucked card back
  pass  desktop 1280x800: the drawer reaches the bottom of the screen and starts under the year badge
  pass  desktop 1280x800: the Taverns pill narrows the list to taverns, inns and hotels, the Sauganash among them
  pass  desktop 1280x800: every row is filed under one of the ten groups, beneath that group's heading
  pass  desktop 1280x800: visible rows equal the shared destination inventory
  pass  desktop 1280x800: located rows say how far and which way; unknown addresses invent no metres
  pass  desktop 1280x800: the distances follow the visitor — 100 m further east reads 100 m further
  pass  desktop 1280x800: ArrowDown steps the list a row at a time — two reach the second, three the third — and Enter goes there
  pass  desktop 1280x800: Travel offers instantly, walk, wagon, horse and fly
  pass  desktop 1280x800: the travel mode chosen is the one the walker rides and the one stored
  pass  desktop 1280x800: each pace sets the walker to its own slider, its Shift factor and its seat
  pass  desktop 1280x800: the three pace sliders top out at 20, 30 and 60 mph and name the gait as they move
  pass  desktop 1280x800: the horse's gait moves the rider's eye a few centimetres, and stops when they do
  pass  desktop 1280x800: the gait is off with the setting off, and back with it
  pass  desktop 1280x800: the gait is off under prefers-reduced-motion
  pass  desktop 1280x800: choosing the Sauganash on foot starts a walk and says so
  pass  desktop 1280x800: the walk ends at the Sauganash's door with its card open
  pass  desktop 1280x800: the walk from South Water keeps to the streets
  pass  desktop 1280x800: the visitor's own step ends a ride and is not swallowed
  pass  desktop 1280x800: the banner's Stop button ends a ride
  pass  desktop 1280x800: flying to a far building climbs to a cruise height, lands and opens its card
  pass  desktop 1280x800: instantly is still instant
  pass  desktop 1280x800: the People directory lists the town, and its count is the file's and the manifest's
  pass  desktop 1280x800: the household card says how far the evidence places its people
  pass  desktop 1280x800: a household no source places says its division was dealt, not read
  pass  desktop 1280x800: searching "Beaubien" finds Mark Beaubien
  pass  desktop 1280x800: the Trade row offers the documented trades AND the town's commonest
  pass  desktop 1280x800: the tavern-keeper pill narrows the list to tavern keepers
  pass  desktop 1280x800: the Tier row's stage pills name the reconstruction, and partition it
  pass  desktop 1280x800: opening a person shows their card with a way to their building
  pass  desktop 1280x800: Go there rides to the person's building and opens its card
  pass  desktop 1280x800: the Businesses directory lists every firm, and its count is the index's
  pass  desktop 1280x800: searching a good the papers advertised finds the houses that sold it
  pass  desktop 1280x800: the unplaceable pill narrows the list to the firms with no place at all
  pass  desktop 1280x800: a firm the paper reaches to a street is carried to the block face it is housed on
  pass  desktop 1280x800: a firm the register could not place says how far the record goes, and offers no building
  pass  desktop 1280x800: a firm with premises opens a card with its locations, its printings and the way there
  pass  desktop 1280x800: a person's card names every firm the register puts them in
  pass  desktop 1280x800: tapping one opens that firm's own card in Businesses
  pass  desktop 1280x800: a building card names the firm the street-face adoption houses in it
  pass  desktop 1280x800: a building card's Use row names the firms the register puts in that roof
  pass  desktop 1280x800: a card opened from a signboard leads with the firm the board hangs for
  pass  desktop 1280x800: the Evidence hub shows eleven topics, with Sources unknown until opened
  pass  desktop 1280x800: Sources lazily lists scene and registered counts with a forty-row window
  pass  desktop 1280x800: Sources finds Andreas with date, type, tier and separate claim/entity figures
  pass  desktop 1280x800: Evidence → City shows the town census
  pass  desktop 1280x800: Evidence → City's figures are the committed data's
  pass  desktop 1280x800: both City ladders carry completeness bars and the people ladder's grade key
  pass  desktop 1280x800: people housed remains a placement note under the people ladder
  pass  desktop 1280x800: Evidence → City sets the dwellings standing against the census's 398
  pass  desktop 1280x800: Evidence → City splits the people into townspeople and garrison, visitors apart
  pass  desktop 1280x800: City states who waits on a roof and who is housed beyond the index
  pass  desktop 1280x800: cards held remain stated as cards, not residents
  pass  desktop 1280x800: the established and ruled-in population measures remain stated
  pass  desktop 1280x800: City names both denominators and never substitutes November's count
  pass  desktop 1280x800: City's completion row shows the audit's joins and the tiers' shares
  pass  desktop 1280x800: City drops the projected count and structures line
  pass  desktop 1280x800: City identifies its date, derivation and published build
  pass  desktop 1280x800: City fits a phone-width topic and scrolls inside the sheet
  pass  desktop 1280x800: a topic opens with the hub gone, and its search narrows the list and says so
  pass  desktop 1280x800: Back returns to the hub
  pass  desktop 1280x800: settings toggle all three navigation aids
  pass  desktop 1280x800: the HUD toggle drives the confidence view
  pass  desktop 1280x800: a first-time visitor is told there are unread notes
  pass  desktop 1280x800: the what's-new tab renders every release
  pass  desktop 1280x800: entries carry a title and a stamped date
  pass  desktop 1280x800: opening the tab clears the unread marker
  pass  desktop 1280x800: a first visit flags nothing (no "last time" to differ from)
  pass  desktop 1280x800: a returning visitor sees only what shipped since last time
  pass  desktop 1280x800: the suite body ran to completion
  pass  desktop 1280x800: zero page errors

  pass  vendor: meshopt decoder loads and reports supported
  pass  vendor: meshopt import raises no page error

101 passed, 0 failed
90 staged-section check(s) (stage 12 of 14), 11 always-on check(s)
18 m 53 s for stage 12 at desktop — the ceiling on a steward run's single foreground command is 10 m 00 s
SMOKE PASS
